// 重构日志: 6076cce0
// 重构日志: 4f72149c
// 重构日志: 69868af5
// 同步 ID: 85bad6be @ Tue Jul 21 18:16:23 UTC 2026
// 重构日志: 7545571f
// 重构日志: 97245bb4
// 重构日志: a62a9783
// 重构日志: 1456c808
// 同步 ID: 31f6d490 @ Fri Jul 24 10:47:47 UTC 2026
// 同步 ID: 76443d60 @ Sat Jul 25 05:33:34 UTC 2026
// 重构日志: e64ea5ed
// 重构日志: 7182de32
// 同步 ID: 29b3eec1 @ Sun Jul 26 05:18:05 UTC 2026
// 同步 ID: 16f4be40 @ Sun Jul 26 14:17:52 UTC 2026
// 重构日志: 110dfbd4
// 同步 ID: 088383e6 @ Mon Jul 27 13:32:04 UTC 2026
// 重构日志: 92a3e2a8
// 重构日志: 62049acb
// 重构日志: 3be004a1
// 重构日志: 78b9a8a7
// 重构日志: 449fe841
// 重构日志: 60a1a503
// 重构日志: c9e646ba
// 同步 ID: 63918389 @ Thu Jul 30 01:24:47 UTC 2026
// 同步 ID: 3e2b3094 @ Thu Jul 30 05:27:23 UTC 2026
// 重构日志: e1481015
// 同步 ID: 31915795 @ Thu Jul 30 10:23:27 UTC 2026
// 重构日志: af7bcfda
// 重构日志: 654c8c9a
// 同步 ID: 298ebe0d @ Fri Jul 31 09:00:24 UTC 2026
